{"googleAnalytics": null, "version": "1", "submitlog": "Created module", "abstract": "<div xmlns=\"http://www.w3.org/1999/xhtml\" xmlns:c=\"http://cnx.rice.edu/cnxml\" xmlns:md=\"http://cnx.rice.edu/mdml\" xmlns:qml=\"http://cnx.rice.edu/qml/1.0\" xmlns:mod=\"http://cnx.rice.edu/#moduleIds\" xmlns:bib=\"http://bibtexml.sf.net/\" xmlns:data=\"http://dev.w3.org/html5/spec/#custom\"/>", "printStyle": null, "roles": null, "keywords": [], "mediaType": "application/vnd.org.cnx.module", "subjects": [], "publishers": [{"surname": "Automation", "suffix": null, "firstname": "CNX", "title": "", "fullname": "CNX Automation", "id": "cnx_automation"}], "stateid": 1, "authors": [{"surname": "Automation", "suffix": null, "firstname": "CNX", "title": "", "fullname": "CNX Automation", "id": "cnx_automation"}], "parentVersion": "", "legacy_version": "1.1", "licensors": [{"surname": "Automation", "suffix": null, "firstname": "CNX", "title": "", "fullname": "CNX Automation", "id": "cnx_automation"}], "language": "en", "license": {"url": "http://creativecommons.org/licenses/by/4.0/", "code": "by", "version": "4.0", "name": "Creative Commons Attribution License"}, "doctype": "", "buyLink": null, "submitter": {"surname": "Automation", "suffix": null, "firstname": "CNX", "title": "", "fullname": "CNX Automation", "id": "cnx_automation"}, "baked": null, "parentAuthors": [], "title": "CNX Automation Test Module", "content": "<html:html xmlns:html=\"http://www.w3.org/1999/xhtml\">\n<html:head><html:title>CNX Automation Test Module</html:title><html:meta content=\"cnx_automation\" name=\"author\" /><html:meta content=\"cnx_automation\" name=\"acl-list\" /><html:meta content=\"cnx_automation\" name=\"licensor\" /><html:meta content=\"http://creativecommons.org/licenses/by/4.0/\" name=\"license\" /></html:head>\n\n<html:body data-cnxml-to-html-ver=\"1.3.1+5.g23b5afc\"><html:div data-type=\"document-title\">CNX Automation Test Module</html:div>\n  <html:p id=\"test\">\n     Hello World!\n  </html:p>\n</html:body>\n\n</html:html>"}